// Vitest Snapshot v1, https://vitest.dev/guide/snapshot.html

exports[`PluginService > can parse the OpenAI plugin 1`] = `
{
  "api": [],
  "homepage": "https://products.wolframalpha.com/api/commercial-termsofuse",
  "identifier": "Wolfram",
  "meta": {
    "avatar": "https://www.wolframcdn.com/images/icons/Wolfram.png",
    "description": "Access computation, math, curated knowledge & real-time data through Wolfram|Alpha and Wolfram Language.",
    "title": "Wolfram",
  },
  "openapi": "https://www.wolframalpha.com/.well-known/apispec.json",
  "settings": {
    "properties": {
      "apiAuthKey": {
        "default": "18c4412dec6846eda6ec2fa95f144e1f",
        "description": "API Key",
        "format": "password",
        "title": "API Key",
        "type": "string",
      },
    },
    "type": "object",
  },
  "type": "default",
  "version": "1",
}
`;

exports[`PluginService > getPluginManifest > support OpenAPI manifest > should get plugin manifest 1`] = `
{
  "$schema": "../node_modules/@lobehub/chat-plugin-sdk/schema.json",
  "api": [
    {
      "description": "Read Course Segments",
      "name": "read_course_segments_course_segments__get",
      "parameters": {
        "properties": {},
        "type": "object",
      },
    },
    {
      "description": "Read Problem Set Item",
      "name": "read_problem_set_item_problem_set__problem_set_id___question_number__get",
      "parameters": {
        "properties": {
          "problem_set_id": {
            "title": "Problem Set Id",
            "type": "integer",
          },
          "question_number": {
            "title": "Question Number",
            "type": "integer",
          },
        },
        "required": [
          "problem_set_id",
          "question_number",
        ],
        "type": "object",
      },
    },
    {
      "description": "Read Random Problem Set Items",
      "name": "read_random_problem_set_items_problem_set_random__problem_set_id___n_items__get",
      "parameters": {
        "properties": {
          "n_items": {
            "title": "N Items",
            "type": "integer",
          },
          "problem_set_id": {
            "title": "Problem Set Id",
            "type": "integer",
          },
        },
        "required": [
          "problem_set_id",
          "n_items",
        ],
        "type": "object",
      },
    },
    {
      "description": "Read Range Of Problem Set Items",
      "name": "read_range_of_problem_set_items_problem_set_range__problem_set_id___start___end__get",
      "parameters": {
        "properties": {
          "end": {
            "title": "End",
            "type": "integer",
          },
          "problem_set_id": {
            "title": "Problem Set Id",
            "type": "integer",
          },
          "start": {
            "title": "Start",
            "type": "integer",
          },
        },
        "required": [
          "problem_set_id",
          "start",
          "end",
        ],
        "type": "object",
      },
    },
    {
      "description": "Read User Id",
      "name": "read_user_id_user__get",
      "parameters": {
        "properties": {},
        "type": "object",
      },
    },
  ],
  "author": "LobeHub",
  "createAt": "2023-08-12",
  "homepage": "https://github.com/lobehub/chat-plugin-realtime-weather",
  "identifier": "realtime-weather",
  "meta": {
    "avatar": "ðŸŒˆ",
    "description": "Get realtime weather information",
    "tags": [
      "weather",
      "realtime",
    ],
    "title": "Realtime Weather",
  },
  "openapi": "http://fake-url.com/openapiUrl.json",
  "settings": {
    "properties": {
      "HTTPBearer": {
        "description": "HTTPBearer Bearer token",
        "format": "password",
        "title": "HTTPBearer",
        "type": "string",
      },
    },
    "required": [
      "HTTPBearer",
    ],
    "type": "object",
  },
  "ui": {
    "height": 310,
    "url": "https://realtime-weather.chat-plugin.lobehub.com/iframe",
  },
  "version": "1",
}
`;
